node.exe : npm warn Unknown project config 
"auto-install-peers". This will stop working in the next 
major version of npm.
At line:1 char:1
+ & "C:\Program Files\nodejs/node.exe" 
"C:\Users\kalha\AppData\Roaming\ ...
+ ~~~~~~~~~~~~~~~~~~~~~~~~~~~~~~~~~~~~~~~~~~~~~~~~~~~~~~~~~~~
~~~~~~~~~~
    + CategoryInfo          : NotSpecified: (npm warn Unkn   
 ow...version of npm.:String) [], RemoteException
    + FullyQualifiedErrorId : NativeCommandError
 
[33mThe CJS build of Vite's Node API is deprecated. See http
s://vite.dev/guide/troubleshooting.html#vite-cjs-node-api-dep
recated for more details.[39m
[36mvite v5.4.21 [32mbuilding for production...[36m[39m
transforming...
[32mΓ£ô[39m 2842 modules transformed.
[31mx[39m Build failed in 3.83s
[31merror during build:
[31msrc/lib/supabase/services/cart.ts (1:9): "createClient" 
is not exported by "src/lib/supabase/client.js", imported by 
"src/lib/supabase/services/cart.ts".[31m
file: [36mF:/Client IMobile/IMobile/New folder/New 
folder/imobile 
project/src/lib/supabase/services/cart.ts:1:9[31m
[33m
1: import { createClient } from '../client'
            ^
2: import { withRetry, handleSupabaseError } from 
'../utils/error-handler'
3: import type { Database } from '../types'
[31m
    at getRollupError (file:///F:/Client%20IMobile/IMobile/Ne
w%20folder/New%20folder/imobile%20project/node_modules/rollup
/dist/es/shared/parseAst.js:401:41)
    at error (file:///F:/Client%20IMobile/IMobile/New%20folde
r/New%20folder/imobile%20project/node_modules/rollup/dist/es/
shared/parseAst.js:397:42)
    at Module.error (file:///F:/Client%20IMobile/IMobile/New%
20folder/New%20folder/imobile%20project/node_modules/rollup/d
ist/es/shared/node-entry.js:16956:16)
    at Module.traceVariable (file:///F:/Client%20IMobile/IMob
ile/New%20folder/New%20folder/imobile%20project/node_modules/
rollup/dist/es/shared/node-entry.js:17412:29)
    at ModuleScope.findVariable (file:///F:/Client%20IMobile/
IMobile/New%20folder/New%20folder/imobile%20project/node_modu
les/rollup/dist/es/shared/node-entry.js:15076:39)
    at ChildScope.findVariable (file:///F:/Client%20IMobile/I
Mobile/New%20folder/New%20folder/imobile%20project/node_modul
es/rollup/dist/es/shared/node-entry.js:5649:38)
    at FunctionScope.findVariable (file:///F:/Client%20IMobil
e/IMobile/New%20folder/New%20folder/imobile%20project/node_mo
dules/rollup/dist/es/shared/node-entry.js:5649:38)
    at FunctionBodyScope.findVariable (file:///F:/Client%20IM
obile/IMobile/New%20folder/New%20folder/imobile%20project/nod
e_modules/rollup/dist/es/shared/node-entry.js:5649:38)
    at ReturnValueScope.findVariable (file:///F:/Client%20IMo
bile/IMobile/New%20folder/New%20folder/imobile%20project/node
_modules/rollup/dist/es/shared/node-entry.js:5649:38)
    at FunctionBodyScope.findVariable (file:///F:/Client%20IM
obile/IMobile/New%20folder/New%20folder/imobile%20project/nod
e_modules/rollup/dist/es/shared/node-entry.js:5649:38)[39m
